[2026-08-01T13:17:21.327Z] POST /api/auth/login
SyntaxError: Expected property name or '}' in JSON at position 1 (line 1 column 2)
    at JSON.parse (<anonymous>)
    at parse (C:\Users\User\Desktop\projek\system_inventroy\backend\node_modules\body-parser\lib\types\json.js:96:19)
    at C:\Users\User\Desktop\projek\system_inventroy\backend\node_modules\body-parser\lib\read.js:128:18
    at AsyncResource.runInAsyncScope (node:async_hooks:227:14)
    at invokeCallback (C:\Users\User\Desktop\projek\system_inventroy\backend\node_modules\raw-body\index.js:238:16)
    at done (C:\Users\User\Desktop\projek\system_inventroy\backend\node_modules\raw-body\index.js:227:7)
    at IncomingMessage.onEnd (C:\Users\User\Desktop\projek\system_inventroy\backend\node_modules\raw-body\index.js:287:7)
    at IncomingMessage.emit (node:events:509:28)
    at endReadableNT (node:internal/streams/readable:1729:12)
    at process.processTicksAndRejections (node:internal/process/task_queues:90:21)

[2026-08-01T13:32:00.328Z] POST /api/products
Error
    at Query.run (C:\Users\User\Desktop\projek\system_inventroy\backend\node_modules\sequelize\lib\dialects\mysql\query.js:52:25)
    at C:\Users\User\Desktop\projek\system_inventroy\backend\node_modules\sequelize\lib\sequelize.js:315:28
    at process.processTicksAndRejections (node:internal/process/task_queues:104:5)
    at async MySQLQueryInterface.insert (C:\Users\User\Desktop\projek\system_inventroy\backend\node_modules\sequelize\lib\dialects\abstract\query-interface.js:308:21)
    at async model.save (C:\Users\User\Desktop\projek\system_inventroy\backend\node_modules\sequelize\lib\model.js:2490:35)
    at async Product.create (C:\Users\User\Desktop\projek\system_inventroy\backend\node_modules\sequelize\lib\model.js:1362:12)
    at async C:\Users\User\Desktop\projek\system_inventroy\backend\src\controllers\product.controller.js:77:15

[2026-08-01T13:32:23.327Z] GET /api/products/summary
Error
    at Query.run (C:\Users\User\Desktop\projek\system_inventroy\backend\node_modules\sequelize\lib\dialects\mysql\query.js:52:25)
    at C:\Users\User\Desktop\projek\system_inventroy\backend\node_modules\sequelize\lib\sequelize.js:315:28
    at process.processTicksAndRejections (node:internal/process/task_queues:104:5)
    at async MySQLQueryInterface.rawSelect (C:\Users\User\Desktop\projek\system_inventroy\backend\node_modules\sequelize\lib\dialects\abstract\query-interface.js:434:18)
    at async Product.aggregate (C:\Users\User\Desktop\projek\system_inventroy\backend\node_modules\sequelize\lib\model.js:1277:19)
    at async Product.sum (C:\Users\User\Desktop\projek\system_inventroy\backend\node_modules\sequelize\lib\model.js:1338:12)
    at async Promise.all (index 1)
    at async C:\Users\User\Desktop\projek\system_inventroy\backend\src\controllers\product.controller.js:136:53

[2026-08-01T13:33:15.778Z] GET /api/products/summary
TypeError: smth.col.startsWith is not a function
    at MySQLQueryGenerator.handleSequelizeMethod (C:\Users\User\Desktop\projek\system_inventroy\backend\node_modules\sequelize\lib\dialects\abstract\query-generator.js:1733:20)
    at MySQLQueryGenerator.handleSequelizeMethod (C:\Users\User\Desktop\projek\system_inventroy\backend\node_modules\sequelize\lib\dialects\mysql\query-generator.js:252:18)
    at C:\Users\User\Desktop\projek\system_inventroy\backend\node_modules\sequelize\lib\dialects\abstract\query-generator.js:1721:23
    at Array.map (<anonymous>)
    at MySQLQueryGenerator.handleSequelizeMethod (C:\Users\User\Desktop\projek\system_inventroy\backend\node_modules\sequelize\lib\dialects\abstract\query-generator.js:1719:38)
    at MySQLQueryGenerator.handleSequelizeMethod (C:\Users\User\Desktop\projek\system_inventroy\backend\node_modules\sequelize\lib\dialects\mysql\query-generator.js:252:18)
    at C:\Users\User\Desktop\projek\system_inventroy\backend\node_modules\sequelize\lib\dialects\abstract\query-generator.js:1107:26
    at Array.map (<anonymous>)
    at MySQLQueryGenerator.escapeAttributes (C:\Users\User\Desktop\projek\system_inventroy\backend\node_modules\sequelize\lib\dialects\abstract\query-generator.js:1096:37)
    at MySQLQueryGenerator.selectQuery (C:\Users\User\Desktop\projek\system_inventroy\backend\node_modules\sequelize\lib\dialects\abstract\query-generator.js:904:28)

[2026-08-01T13:58:39.830Z] POST /api/users
Error
    at Query.run (C:\Users\User\Desktop\projek\system_inventroy\backend\node_modules\sequelize\lib\dialects\mysql\query.js:52:25)
    at C:\Users\User\Desktop\projek\system_inventroy\backend\node_modules\sequelize\lib\sequelize.js:315:28
    at async MySQLQueryInterface.insert (C:\Users\User\Desktop\projek\system_inventroy\backend\node_modules\sequelize\lib\dialects\abstract\query-interface.js:308:21)
    at async model.save (C:\Users\User\Desktop\projek\system_inventroy\backend\node_modules\sequelize\lib\model.js:2490:35)
    at async User.create (C:\Users\User\Desktop\projek\system_inventroy\backend\node_modules\sequelize\lib\model.js:1362:12)
    at async C:\Users\User\Desktop\projek\system_inventroy\backend\src\controllers\user.controller.js:61:16

